I0909 12:06:30.154029       1 main.go:163] "FIPS mode" logger="setup" enabled=false
I0909 12:06:30.154843       1 main.go:174] "Platform explicitly configured via flag/env" logger="setup" openshift=false
I0909 12:06:30.155152       1 main.go:422] "not running on OpenShift; using Intermediate TLS defaults" logger="setup"
I0909 12:06:30.188673       1 webhook.go:221] "Registering a mutating webhook" logger="controller-runtime.builder" GVK="rhtas.redhat.com/v1, Kind=Securesign" path="/mutate-rhtas-redhat-com-v1-securesign"
I0909 12:06:30.189762       1 server.go:183] "Registering webhook" logger="controller-runtime.webhook" path="/mutate-rhtas-redhat-com-v1-securesign"
I0909 12:06:30.190093       1 server.go:183] "Registering webhook" logger="controller-runtime.webhook" path="/convert"
I0909 12:06:30.190180       1 webhook.go:319] "Conversion webhook enabled" logger="controller-runtime.builder" GVK="rhtas.redhat.com/v1, Kind=Securesign"
I0909 12:06:30.190275       1 webhook.go:221] "Registering a mutating webhook" logger="controller-runtime.builder" GVK="rhtas.redhat.com/v1, Kind=Fulcio" path="/mutate-rhtas-redhat-com-v1-fulcio"
I0909 12:06:30.190384       1 server.go:183] "Registering webhook" logger="controller-runtime.webhook" path="/mutate-rhtas-redhat-com-v1-fulcio"
I0909 12:06:30.190521       1 webhook.go:319] "Conversion webhook enabled" logger="controller-runtime.builder" GVK="rhtas.redhat.com/v1, Kind=Fulcio"
I0909 12:06:30.190608       1 webhook.go:221] "Registering a mutating webhook" logger="controller-runtime.builder" GVK="rhtas.redhat.com/v1, Kind=Trillian" path="/mutate-rhtas-redhat-com-v1-trillian"
I0909 12:06:30.190691       1 server.go:183] "Registering webhook" logger="controller-runtime.webhook" path="/mutate-rhtas-redhat-com-v1-trillian"
I0909 12:06:30.190807       1 webhook.go:319] "Conversion webhook enabled" logger="controller-runtime.builder" GVK="rhtas.redhat.com/v1, Kind=Trillian"
I0909 12:06:30.190905       1 webhook.go:221] "Registering a mutating webhook" logger="controller-runtime.builder" GVK="rhtas.redhat.com/v1, Kind=Rekor" path="/mutate-rhtas-redhat-com-v1-rekor"
I0909 12:06:30.191025       1 server.go:183] "Registering webhook" logger="controller-runtime.webhook" path="/mutate-rhtas-redhat-com-v1-rekor"
I0909 12:06:30.191152       1 webhook.go:319] "Conversion webhook enabled" logger="controller-runtime.builder" GVK="rhtas.redhat.com/v1, Kind=Rekor"
I0909 12:06:30.191231       1 webhook.go:221] "Registering a mutating webhook" logger="controller-runtime.builder" GVK="rhtas.redhat.com/v1, Kind=Tuf" path="/mutate-rhtas-redhat-com-v1-tuf"
I0909 12:06:30.191311       1 server.go:183] "Registering webhook" logger="controller-runtime.webhook" path="/mutate-rhtas-redhat-com-v1-tuf"
I0909 12:06:30.191432       1 webhook.go:319] "Conversion webhook enabled" logger="controller-runtime.builder" GVK="rhtas.redhat.com/v1, Kind=Tuf"
I0909 12:06:30.191519       1 webhook.go:221] "Registering a mutating webhook" logger="controller-runtime.builder" GVK="rhtas.redhat.com/v1, Kind=CTlog" path="/mutate-rhtas-redhat-com-v1-ctlog"
I0909 12:06:30.191620       1 server.go:183] "Registering webhook" logger="controller-runtime.webhook" path="/mutate-rhtas-redhat-com-v1-ctlog"
I0909 12:06:30.191751       1 webhook.go:319] "Conversion webhook enabled" logger="controller-runtime.builder" GVK="rhtas.redhat.com/v1, Kind=CTlog"
I0909 12:06:30.191862       1 webhook.go:221] "Registering a mutating webhook" logger="controller-runtime.builder" GVK="rhtas.redhat.com/v1, Kind=TimestampAuthority" path="/mutate-rhtas-redhat-com-v1-timestampauthority"
I0909 12:06:30.191960       1 server.go:183] "Registering webhook" logger="controller-runtime.webhook" path="/mutate-rhtas-redhat-com-v1-timestampauthority"
I0909 12:06:30.192093       1 webhook.go:319] "Conversion webhook enabled" logger="controller-runtime.builder" GVK="rhtas.redhat.com/v1, Kind=TimestampAuthority"
I0909 12:06:30.192176       1 webhook.go:221] "Registering a mutating webhook" logger="controller-runtime.builder" GVK="rhtas.redhat.com/v1, Kind=Console" path="/mutate-rhtas-redhat-com-v1-console"
I0909 12:06:30.192299       1 server.go:183] "Registering webhook" logger="controller-runtime.webhook" path="/mutate-rhtas-redhat-com-v1-console"
I0909 12:06:30.192391       1 main.go:402] "starting manager" logger="setup"
I0909 12:06:30.192949       1 server.go:83] "starting server" name="health probe" addr="[::]:8081"
I0909 12:06:30.193060       1 server.go:208] "Starting metrics server" logger="controller-runtime.metrics"
I0909 12:06:30.193101       1 main.go:220] "disabling http/2" logger="setup"
I0909 12:06:30.193735       1 server.go:191] "Starting webhook server" logger="controller-runtime.webhook"
I0909 12:06:30.194085       1 main.go:220] "disabling http/2" logger="setup"
I0909 12:06:30.194669       1 certwatcher.go:214] "Updated current TLS certificate" logger="controller-runtime.certwatcher" cert="/tmp/k8s-webhook-server/serving-certs/tls.crt" key="/tmp/k8s-webhook-server/serving-certs/tls.key"
I0909 12:06:30.194823       1 server.go:242] "Serving webhook server" logger="controller-runtime.webhook" host="" port=9443
I0909 12:06:30.195932       1 certwatcher.go:136] "Starting certificate poll+watcher" logger="controller-runtime.certwatcher" cert="/tmp/k8s-webhook-server/serving-certs/tls.crt" key="/tmp/k8s-webhook-server/serving-certs/tls.key" interval="10s"
I0909 12:06:30.196440       1 leaderelection.go:258] "Attempting to acquire leader lease..." lock="upgrade-test-9p5fc/f81d37df.redhat.com"
I0909 12:06:30.872809       1 server.go:247] "Serving metrics server" logger="controller-runtime.metrics" bindAddress=":8443" secure=true
I0909 12:06:59.133684       1 leaderelection.go:272] "Successfully acquired lease" lock="upgrade-test-9p5fc/f81d37df.redhat.com"
I0909 12:06:59.136280       1 controller.go:369] "Starting EventSource" controller="securesign" controllerGroup="rhtas.redhat.com" controllerKind="Securesign" source="kind source: *v1.Fulcio"
I0909 12:06:59.138693       1 controller.go:369] "Starting EventSource" controller="rekor" controllerGroup="rhtas.redhat.com" controllerKind="Rekor" source="kind source: *v1.Deployment"
I0909 12:06:59.139556       1 controller.go:369] "Starting EventSource" controller="tuf" controllerGroup="rhtas.redhat.com" controllerKind="Tuf" source="kind source: *v1.Ingress"
I0909 12:06:59.139991       1 controller.go:369] "Starting EventSource" controller="fulcio" controllerGroup="rhtas.redhat.com" controllerKind="Fulcio" source="kind source: *v1.Deployment"
I0909 12:06:59.140135       1 controller.go:369] "Starting EventSource" controller="timestampauthority" controllerGroup="rhtas.redhat.com" controllerKind="TimestampAuthority" source="kind source: *v1.Ingress"
I0909 12:06:59.140285       1 controller.go:369] "Starting EventSource" controller="fulcio" controllerGroup="rhtas.redhat.com" controllerKind="Fulcio" source="kind source: *v1.Fulcio"
I0909 12:06:59.140596       1 controller.go:369] "Starting EventSource" controller="ctlog" controllerGroup="rhtas.redhat.com" controllerKind="CTlog" source="kind source: *v1.Tuf"
I0909 12:06:59.141141       1 controller.go:369] "Starting EventSource" controller="timestampauthority" controllerGroup="rhtas.redhat.com" controllerKind="TimestampAuthority" source="kind source: *v1.TimestampAuthority"
I0909 12:06:59.137167       1 controller.go:369] "Starting EventSource" controller="securesign" controllerGroup="rhtas.redhat.com" controllerKind="Securesign" source="kind source: *v1.Rekor"
I0909 12:06:59.137184       1 controller.go:369] "Starting EventSource" controller="securesign" controllerGroup="rhtas.redhat.com" controllerKind="Securesign" source="kind source: *v1.Tuf"
I0909 12:06:59.137198       1 controller.go:369] "Starting EventSource" controller="securesign" controllerGroup="rhtas.redhat.com" controllerKind="Securesign" source="kind source: *v1.Trillian"
I0909 12:06:59.137252       1 controller.go:369] "Starting EventSource" controller="trillian" controllerGroup="rhtas.redhat.com" controllerKind="Trillian" source="kind source: *v1.Service"
I0909 12:06:59.137302       1 controller.go:369] "Starting EventSource" controller="securesign" controllerGroup="rhtas.redhat.com" controllerKind="Securesign" source="kind source: *v1.Securesign"
I0909 12:06:59.142779       1 controller.go:369] "Starting EventSource" controller="console" controllerGroup="rhtas.redhat.com" controllerKind="Console" source="kind source: *v1.Tuf"
I0909 12:06:59.137387       1 controller.go:369] "Starting EventSource" controller="trillian" controllerGroup="rhtas.redhat.com" controllerKind="Trillian" source="kind source: *v1.Trillian"
I0909 12:06:59.137414       1 controller.go:369] "Starting EventSource" controller="trillian" controllerGroup="rhtas.redhat.com" controllerKind="Trillian" source="kind source: *v1.Deployment"
I0909 12:06:59.137498       1 controller.go:369] "Starting EventSource" controller="securesign" controllerGroup="rhtas.redhat.com" controllerKind="Securesign" source="kind source: *v1.CTlog"
I0909 12:06:59.137911       1 controller.go:369] "Starting EventSource" controller="tuf" controllerGroup="rhtas.redhat.com" controllerKind="Tuf" source="kind source: *v1.CTlog"
I0909 12:06:59.137927       1 controller.go:369] "Starting EventSource" controller="rekor" controllerGroup="rhtas.redhat.com" controllerKind="Rekor" source="kind source: *v1.Tuf"
I0909 12:06:59.138116       1 controller.go:369] "Starting EventSource" controller="rekor" controllerGroup="rhtas.redhat.com" controllerKind="Rekor" source="kind source: *v1.Rekor"
I0909 12:06:59.138445       1 controller.go:369] "Starting EventSource" controller="fulcio" controllerGroup="rhtas.redhat.com" controllerKind="Fulcio" source="kind source: *v1.CTlog"
I0909 12:06:59.138484       1 controller.go:369] "Starting EventSource" controller="tuf" controllerGroup="rhtas.redhat.com" controllerKind="Tuf" source="kind source: *v1.Tuf"
I0909 12:06:59.138498       1 controller.go:369] "Starting EventSource" controller="tuf" controllerGroup="rhtas.redhat.com" controllerKind="Tuf" source="kind source: *v1.Deployment"
I0909 12:06:59.141172       1 controller.go:369] "Starting EventSource" controller="timestampauthority" controllerGroup="rhtas.redhat.com" controllerKind="TimestampAuthority" source="kind source: *v1.Deployment"
I0909 12:06:59.141186       1 controller.go:369] "Starting EventSource" controller="timestampauthority" controllerGroup="rhtas.redhat.com" controllerKind="TimestampAuthority" source="kind source: *v1.Service"
I0909 12:06:59.141214       1 controller.go:369] "Starting EventSource" controller="ctlog" controllerGroup="rhtas.redhat.com" controllerKind="CTlog" source="kind source: *v1.CTlog"
I0909 12:06:59.141232       1 controller.go:369] "Starting EventSource" controller="ctlog" controllerGroup="rhtas.redhat.com" controllerKind="CTlog" source="kind source: *v1.Deployment"
I0909 12:06:59.141255       1 controller.go:369] "Starting EventSource" controller="ctlog" controllerGroup="rhtas.redhat.com" controllerKind="CTlog" source="kind source: *v1.Service"
I0909 12:06:59.141267       1 controller.go:369] "Starting EventSource" controller="ctlog" controllerGroup="rhtas.redhat.com" controllerKind="CTlog" source="kind source: *v1.Ingress"
I0909 12:06:59.141279       1 controller.go:369] "Starting EventSource" controller="ctlog" controllerGroup="rhtas.redhat.com" controllerKind="CTlog" source="kind source: *v1.Fulcio"
I0909 12:06:59.141293       1 controller.go:369] "Starting EventSource" controller="ctlog" controllerGroup="rhtas.redhat.com" controllerKind="CTlog" source="kind source: *v1.Trillian"
I0909 12:06:59.143293       1 controller.go:369] "Starting EventSource" controller="fulcio" controllerGroup="rhtas.redhat.com" controllerKind="Fulcio" source="kind source: *v1.Service"
I0909 12:06:59.143308       1 controller.go:369] "Starting EventSource" controller="fulcio" controllerGroup="rhtas.redhat.com" controllerKind="Fulcio" source="kind source: *v1.Ingress"
I0909 12:06:59.143319       1 controller.go:369] "Starting EventSource" controller="tuf" controllerGroup="rhtas.redhat.com" controllerKind="Tuf" source="kind source: *v1.Service"
I0909 12:06:59.137141       1 controller.go:369] "Starting EventSource" controller="securesign" controllerGroup="rhtas.redhat.com" controllerKind="Securesign" source="kind source: *v1.TimestampAuthority"
I0909 12:06:59.143332       1 controller.go:369] "Starting EventSource" controller="rekor" controllerGroup="rhtas.redhat.com" controllerKind="Rekor" source="kind source: *v1.StatefulSet"
I0909 12:06:59.143449       1 controller.go:369] "Starting EventSource" controller="console" controllerGroup="rhtas.redhat.com" controllerKind="Console" source="kind source: *v1.Console"
I0909 12:06:59.143460       1 controller.go:369] "Starting EventSource" controller="console" controllerGroup="rhtas.redhat.com" controllerKind="Console" source="kind source: *v1.Deployment"
I0909 12:06:59.143473       1 controller.go:369] "Starting EventSource" controller="console" controllerGroup="rhtas.redhat.com" controllerKind="Console" source="kind source: *v1.Service"
I0909 12:06:59.143485       1 controller.go:369] "Starting EventSource" controller="console" controllerGroup="rhtas.redhat.com" controllerKind="Console" source="kind source: *v1.Ingress"
I0909 12:06:59.143497       1 controller.go:369] "Starting EventSource" controller="console" controllerGroup="rhtas.redhat.com" controllerKind="Console" source="kind source: *v1.Rekor"
I0909 12:06:59.143703       1 controller.go:369] "Starting EventSource" controller="rekor" controllerGroup="rhtas.redhat.com" controllerKind="Rekor" source="kind source: *v1.Service"
I0909 12:06:59.143796       1 controller.go:369] "Starting EventSource" controller="rekor" controllerGroup="rhtas.redhat.com" controllerKind="Rekor" source="kind source: *v1.Ingress"
I0909 12:06:59.143810       1 controller.go:369] "Starting EventSource" controller="rekor" controllerGroup="rhtas.redhat.com" controllerKind="Rekor" source="kind source: *v1.CronJob"
I0909 12:06:59.143824       1 controller.go:369] "Starting EventSource" controller="rekor" controllerGroup="rhtas.redhat.com" controllerKind="Rekor" source="kind source: *v1.Trillian"
I0909 12:06:59.344797       1 controller.go:302] "Starting Controller" controller="timestampauthority" controllerGroup="rhtas.redhat.com" controllerKind="TimestampAuthority"
I0909 12:06:59.344827       1 controller.go:305] "Starting workers" controller="timestampauthority" controllerGroup="rhtas.redhat.com" controllerKind="TimestampAuthority" worker count=1
I0909 12:06:59.344801       1 controller.go:302] "Starting Controller" controller="trillian" controllerGroup="rhtas.redhat.com" controllerKind="Trillian"
I0909 12:06:59.344872       1 controller.go:305] "Starting workers" controller="trillian" controllerGroup="rhtas.redhat.com" controllerKind="Trillian" worker count=1
I0909 12:06:59.346377       1 controller.go:302] "Starting Controller" controller="fulcio" controllerGroup="rhtas.redhat.com" controllerKind="Fulcio"
I0909 12:06:59.346396       1 controller.go:305] "Starting workers" controller="fulcio" controllerGroup="rhtas.redhat.com" controllerKind="Fulcio" worker count=1
I0909 12:06:59.346406       1 controller.go:302] "Starting Controller" controller="tuf" controllerGroup="rhtas.redhat.com" controllerKind="Tuf"
I0909 12:06:59.346421       1 controller.go:305] "Starting workers" controller="tuf" controllerGroup="rhtas.redhat.com" controllerKind="Tuf" worker count=1
I0909 12:06:59.346542       1 controller.go:302] "Starting Controller" controller="securesign" controllerGroup="rhtas.redhat.com" controllerKind="Securesign"
I0909 12:06:59.346551       1 controller.go:305] "Starting workers" controller="securesign" controllerGroup="rhtas.redhat.com" controllerKind="Securesign" worker count=1
I0909 12:06:59.346552       1 controller.go:302] "Starting Controller" controller="ctlog" controllerGroup="rhtas.redhat.com" controllerKind="CTlog"
I0909 12:06:59.346559       1 controller.go:305] "Starting workers" controller="ctlog" controllerGroup="rhtas.redhat.com" controllerKind="CTlog" worker count=1
I0909 12:06:59.346639       1 controller.go:302] "Starting Controller" controller="rekor" controllerGroup="rhtas.redhat.com" controllerKind="Rekor"
I0909 12:06:59.346646       1 controller.go:305] "Starting workers" controller="rekor" controllerGroup="rhtas.redhat.com" controllerKind="Rekor" worker count=1
I0909 12:06:59.346795       1 controller.go:302] "Starting Controller" controller="console" controllerGroup="rhtas.redhat.com" controllerKind="Console"
I0909 12:06:59.346803       1 controller.go:305] "Starting workers" controller="console" controllerGroup="rhtas.redhat.com" controllerKind="Console" worker count=1
I0909 12:06:59.529242       1 warning_handler.go:64] "spec: Invalid value: at least one log is required" controller="ctlog" controllerGroup="rhtas.redhat.com" controllerKind="CTlog" CTlog="upgrade-test-9p5fc/test" namespace="upgrade-test-9p5fc" name="test" reconcileID="363930f0-0f3f-40d6-9536-d28e4b3c4ef5"
I0909 12:06:59.530166       1 align_status_logs.go:66] "Log removed from status (was present but not in spec)" logger="align-status-logs" controller="ctlog" controllerGroup="rhtas.redhat.com" controllerKind="CTlog" CTlog="upgrade-test-9p5fc/test" namespace="upgrade-test-9p5fc" name="test" reconcileID="ff59c277-00ac-475c-9afe-2e7af88c0e6c" prefix="trusted-artifact-signer"
I0909 12:06:59.536826       1 console_webhook.go:21] "setting defaults" logger="admission.Console" webhookGroup="rhtas.redhat.com" webhookKind="Console" Console="upgrade-test-9p5fc/test-console" namespace="upgrade-test-9p5fc" name="test-console" resource={"group":"rhtas.redhat.com","version":"v1","resource":"consoles"} user="system:serviceaccount:upgrade-test-9p5fc:rhtas-operator-controller-manager" requestID="5125bfed-5ac4-4af0-8ab7-dbb274744ad1"
I0909 12:06:59.547165       1 migration.go:89] "Console CR created from RekorSearchUI migration" logger="migrate-rekorsearchui" controller="rekor" controllerGroup="rhtas.redhat.com" controllerKind="Rekor" Rekor="upgrade-test-9p5fc/test" namespace="upgrade-test-9p5fc" reconcileID="ba5d79a4-c254-443d-a55e-8f5f576fc0a1" name="test-console"
I0909 12:06:59.549830       1 warning_handler.go:64] "spec: Invalid value: at least one log is required" controller="ctlog" controllerGroup="rhtas.redhat.com" controllerKind="CTlog" CTlog="upgrade-test-9p5fc/test" namespace="upgrade-test-9p5fc" name="test" reconcileID="ff59c277-00ac-475c-9afe-2e7af88c0e6c"
I0909 12:06:59.562034       1 trillian_webhook.go:21] "setting defaults" logger="admission.Trillian" webhookGroup="rhtas.redhat.com" webhookKind="Trillian" Trillian="upgrade-test-9p5fc/test" namespace="upgrade-test-9p5fc" name="test" resource={"group":"rhtas.redhat.com","version":"v1","resource":"trillians"} user="system:serviceaccount:upgrade-test-9p5fc:rhtas-operator-controller-manager" requestID="9aacdc73-1c99-4b36-a885-c7c00f340da4"
I0909 12:06:59.612355       1 rekor_webhook.go:21] "setting defaults" logger="admission.Rekor" webhookGroup="rhtas.redhat.com" webhookKind="Rekor" Rekor="upgrade-test-9p5fc/test" namespace="upgrade-test-9p5fc" name="test" resource={"group":"rhtas.redhat.com","version":"v1","resource":"rekors"} user="system:serviceaccount:upgrade-test-9p5fc:rhtas-operator-controller-manager" requestID="41a6a2b1-f20f-4aa6-8f72-cdca26eed3fb"
I0909 12:06:59.636090       1 warning_handler.go:64] "spec: Invalid value: at least one log is required" controller="ctlog" controllerGroup="rhtas.redhat.com" controllerKind="CTlog" CTlog="upgrade-test-9p5fc/test" namespace="upgrade-test-9p5fc" name="test" reconcileID="fbfa6fbc-68a6-4e1e-b4c9-b23f0e80b98e"
I0909 12:06:59.713335       1 cleanup.go:86] "Deleted orphaned RekorSearchUI resource" logger="cleanup-rekorsearchui" controller="rekor" controllerGroup="rhtas.redhat.com" controllerKind="Rekor" Rekor="upgrade-test-9p5fc/test" namespace="upgrade-test-9p5fc" reconcileID="ba5d79a4-c254-443d-a55e-8f5f576fc0a1" name="rekor-search-ui"
I0909 12:06:59.729735       1 warning_handler.go:64] "spec: Invalid value: at least one log is required" controller="ctlog" controllerGroup="rhtas.redhat.com" controllerKind="CTlog" CTlog="upgrade-test-9p5fc/test" namespace="upgrade-test-9p5fc" name="test" reconcileID="e8a59577-f908-4ed8-a1bb-4b1d3e634749"
I0909 12:06:59.760581       1 warning_handler.go:64] "spec.ctlog: Invalid value: at least one log is required" controller="securesign" controllerGroup="rhtas.redhat.com" controllerKind="Securesign" Securesign="upgrade-test-9p5fc/test" namespace="upgrade-test-9p5fc" name="test" reconcileID="61e50d36-5ac3-477c-9f2f-03d8b171b79e"
I0909 12:06:59.785458       1 cleanup.go:86] "Deleted orphaned RekorSearchUI resource" logger="cleanup-rekorsearchui" controller="rekor" controllerGroup="rhtas.redhat.com" controllerKind="Rekor" Rekor="upgrade-test-9p5fc/test" namespace="upgrade-test-9p5fc" reconcileID="ba5d79a4-c254-443d-a55e-8f5f576fc0a1" name="rekor-search-ui"
I0909 12:06:59.820302       1 cleanup.go:86] "Deleted orphaned RekorSearchUI resource" logger="cleanup-rekorsearchui" controller="rekor" controllerGroup="rhtas.redhat.com" controllerKind="Rekor" Rekor="upgrade-test-9p5fc/test" namespace="upgrade-test-9p5fc" reconcileID="ba5d79a4-c254-443d-a55e-8f5f576fc0a1" name="rekor-search-ui"
I0909 12:06:59.852642       1 cleanup.go:86] "Deleted orphaned RekorSearchUI resource" logger="cleanup-rekorsearchui" controller="rekor" controllerGroup="rhtas.redhat.com" controllerKind="Rekor" Rekor="upgrade-test-9p5fc/test" namespace="upgrade-test-9p5fc" reconcileID="ba5d79a4-c254-443d-a55e-8f5f576fc0a1" name="rekor-ui"
I0909 12:07:00.173582       1 warning_handler.go:64] "spec.ctlog: Invalid value: at least one log is required" controller="securesign" controllerGroup="rhtas.redhat.com" controllerKind="Securesign" Securesign="upgrade-test-9p5fc/test" namespace="upgrade-test-9p5fc" name="test" reconcileID="4d27d2b8-feba-43b4-bcdf-7652a8049818"
I0909 12:07:00.372699       1 fulcio_webhook.go:21] "setting defaults" logger="admission.Fulcio" webhookGroup="rhtas.redhat.com" webhookKind="Fulcio" Fulcio="upgrade-test-9p5fc/test" namespace="upgrade-test-9p5fc" name="test" resource={"group":"rhtas.redhat.com","version":"v1","resource":"fulcios"} user="system:serviceaccount:upgrade-test-9p5fc:rhtas-operator-controller-manager" requestID="5976c958-7a1a-4df9-a434-7a0e137f65b6"
I0909 12:07:00.471362       1 warning_handler.go:64] "spec.ctlog: Invalid value: at least one log is required" controller="securesign" controllerGroup="rhtas.redhat.com" controllerKind="Securesign" Securesign="upgrade-test-9p5fc/test" namespace="upgrade-test-9p5fc" name="test" reconcileID="151137e5-339b-4a19-ba16-0db0db814370"
I0909 12:07:00.619338       1 service.go:129] "Deleting ClusterIP service to recreate as headless for gRPC load balancing" logger="create service" controller="trillian" controllerGroup="rhtas.redhat.com" controllerKind="Trillian" Trillian="upgrade-test-9p5fc/test" namespace="upgrade-test-9p5fc" name="test" reconcileID="c6a604a1-2771-4678-9698-c6d1ae0c108c" service="trillian-logserver"
I0909 12:07:00.640368       1 rekor_webhook.go:21] "setting defaults" logger="admission.Rekor" webhookGroup="rhtas.redhat.com" webhookKind="Rekor" Rekor="upgrade-test-9p5fc/test" namespace="upgrade-test-9p5fc" name="test" resource={"group":"rhtas.redhat.com","version":"v1","resource":"rekors"} user="system:serviceaccount:upgrade-test-9p5fc:rhtas-operator-controller-manager" requestID="b2d77597-fe77-4e67-a658-1b6a66ac09cf"
I0909 12:07:00.711506       1 rekor_webhook.go:21] "setting defaults" logger="admission.Rekor" webhookGroup="rhtas.redhat.com" webhookKind="Rekor" Rekor="upgrade-test-9p5fc/test" namespace="upgrade-test-9p5fc" name="test" resource={"group":"rhtas.redhat.com","version":"v1","resource":"rekors"} user="system:serviceaccount:upgrade-test-9p5fc:rhtas-operator-controller-manager" requestID="a0a260c9-4a36-443f-b939-30009a43a570"
I0909 12:07:00.894617       1 securesign_webhook.go:21] "setting defaults" logger="admission.Securesign" webhookGroup="rhtas.redhat.com" webhookKind="Securesign" Securesign="upgrade-test-9p5fc/test" namespace="upgrade-test-9p5fc" name="test" resource={"group":"rhtas.redhat.com","version":"v1","resource":"securesigns"} user="system:serviceaccount:upgrade-test-9p5fc:rhtas-operator-controller-manager" requestID="6daee698-c9fc-41cf-842a-c25f30478049"
I0909 12:07:00.963401       1 migration.go:89] "Console CR created from RekorSearchUI migration" logger="migrate-rekorsearchui" controller="rekor" controllerGroup="rhtas.redhat.com" controllerKind="Rekor" Rekor="upgrade-test-9p5fc/test" namespace="upgrade-test-9p5fc" reconcileID="37366ca5-ccd9-4682-8c08-0be4bf35d98d" name="test-console"
I0909 12:07:01.058038       1 rekor_webhook.go:21] "setting defaults" logger="admission.Rekor" webhookGroup="rhtas.redhat.com" webhookKind="Rekor" Rekor="upgrade-test-9p5fc/test" namespace="upgrade-test-9p5fc" name="test" resource={"group":"rhtas.redhat.com","version":"v1","resource":"rekors"} user="system:serviceaccount:upgrade-test-9p5fc:rhtas-operator-controller-manager" requestID="65ec385c-ab0d-463b-842f-154eb36e007c"
I0909 12:07:01.242472       1 ctlog_webhook.go:21] "setting defaults" logger="admission.CTlog" webhookGroup="rhtas.redhat.com" webhookKind="CTlog" CTlog="upgrade-test-9p5fc/test" namespace="upgrade-test-9p5fc" name="test" resource={"group":"rhtas.redhat.com","version":"v1","resource":"ctlogs"} user="system:serviceaccount:upgrade-test-9p5fc:rhtas-operator-controller-manager" requestID="6ba8cd39-a30a-4fd0-9cf5-7212acf51dee"
E0909 12:07:01.893192       1 base_action.go:123] "error during action execution" err="error resolving Rekor URL: service is not ready: *v1.Rekor test" logger="ui deploy" controller="console" controllerGroup="rhtas.redhat.com" controllerKind="Console" Console="upgrade-test-9p5fc/test-console" namespace="upgrade-test-9p5fc" name="test-console" reconcileID="f83e5417-d74b-4aba-b551-17802d4ea226"
E0909 12:07:01.915448       1 controller.go:494] "Reconciler error" err="error resolving Rekor URL: service is not ready: *v1.Rekor test" controller="console" controllerGroup="rhtas.redhat.com" controllerKind="Console" Console="upgrade-test-9p5fc/test-console" namespace="upgrade-test-9p5fc" name="test-console" reconcileID="f83e5417-d74b-4aba-b551-17802d4ea226"
E0909 12:07:01.931779       1 base_action.go:123] "error during action execution" err="error resolving Rekor URL: service is not ready: *v1.Rekor test" logger="ui deploy" controller="console" controllerGroup="rhtas.redhat.com" controllerKind="Console" Console="upgrade-test-9p5fc/test-console" namespace="upgrade-test-9p5fc" name="test-console" reconcileID="a4da707c-5020-4266-91c0-1bd1fd9a5479"
E0909 12:07:01.941287       1 controller.go:494] "Reconciler error" err="error resolving Rekor URL: service is not ready: *v1.Rekor test" controller="console" controllerGroup="rhtas.redhat.com" controllerKind="Console" Console="upgrade-test-9p5fc/test-console" namespace="upgrade-test-9p5fc" name="test-console" reconcileID="a4da707c-5020-4266-91c0-1bd1fd9a5479"
E0909 12:07:01.980260       1 base_action.go:123] "error during action execution" err="error resolving Rekor URL: service is not ready: *v1.Rekor test" logger="ui deploy" controller="console" controllerGroup="rhtas.redhat.com" controllerKind="Console" Console="upgrade-test-9p5fc/test-console" namespace="upgrade-test-9p5fc" name="test-console" reconcileID="6c92a646-4e71-4270-aba0-55898b0256b2"
E0909 12:07:01.988721       1 controller.go:494] "Reconciler error" err="error resolving Rekor URL: service is not ready: *v1.Rekor test" controller="console" controllerGroup="rhtas.redhat.com" controllerKind="Console" Console="upgrade-test-9p5fc/test-console" namespace="upgrade-test-9p5fc" name="test-console" reconcileID="6c92a646-4e71-4270-aba0-55898b0256b2"
E0909 12:07:02.037562       1 base_action.go:123] "error during action execution" err="error resolving Rekor URL: service is not ready: *v1.Rekor test" logger="ui deploy" controller="console" controllerGroup="rhtas.redhat.com" controllerKind="Console" Console="upgrade-test-9p5fc/test-console" namespace="upgrade-test-9p5fc" name="test-console" reconcileID="c720f152-1f2a-4dd0-a47d-4b3cc2332ac0"
E0909 12:07:02.052588       1 controller.go:494] "Reconciler error" err="error resolving Rekor URL: service is not ready: *v1.Rekor test" controller="console" controllerGroup="rhtas.redhat.com" controllerKind="Console" Console="upgrade-test-9p5fc/test-console" namespace="upgrade-test-9p5fc" name="test-console" reconcileID="c720f152-1f2a-4dd0-a47d-4b3cc2332ac0"
E0909 12:07:02.129702       1 base_action.go:123] "error during action execution" err="error resolving Rekor URL: service is not ready: *v1.Rekor test" logger="ui deploy" controller="console" controllerGroup="rhtas.redhat.com" controllerKind="Console" Console="upgrade-test-9p5fc/test-console" namespace="upgrade-test-9p5fc" name="test-console" reconcileID="f8699329-0147-43db-a372-3851896ebe06"
E0909 12:07:02.145129       1 controller.go:494] "Reconciler error" err="error resolving Rekor URL: service is not ready: *v1.Rekor test" controller="console" controllerGroup="rhtas.redhat.com" controllerKind="Console" Console="upgrade-test-9p5fc/test-console" namespace="upgrade-test-9p5fc" name="test-console" reconcileID="f8699329-0147-43db-a372-3851896ebe06"
E0909 12:07:02.170248       1 base_action.go:123] "error during action execution" err="error resolving Rekor URL: service is not ready: *v1.Rekor test" logger="ui deploy" controller="console" controllerGroup="rhtas.redhat.com" controllerKind="Console" Console="upgrade-test-9p5fc/test-console" namespace="upgrade-test-9p5fc" name="test-console" reconcileID="3a63c956-a7ea-4d61-9fd8-f93f07e15936"
E0909 12:07:02.177557       1 controller.go:494] "Reconciler error" err="error resolving Rekor URL: service is not ready: *v1.Rekor test" controller="console" controllerGroup="rhtas.redhat.com" controllerKind="Console" Console="upgrade-test-9p5fc/test-console" namespace="upgrade-test-9p5fc" name="test-console" reconcileID="3a63c956-a7ea-4d61-9fd8-f93f07e15936"
I0909 12:07:02.244076       1 tuf_webhook.go:21] "setting defaults" logger="admission.Tuf" webhookGroup="rhtas.redhat.com" webhookKind="Tuf" Tuf="upgrade-test-9p5fc/test" namespace="upgrade-test-9p5fc" name="test" resource={"group":"rhtas.redhat.com","version":"v1","resource":"tufs"} user="system:serviceaccount:upgrade-test-9p5fc:rhtas-operator-controller-manager" requestID="a1a79a4f-9690-4ab0-a7b0-f6f96e417329"
E0909 12:07:02.280385       1 base_action.go:123] "error during action execution" err="error resolving Rekor URL: service is not ready: *v1.Rekor test" logger="ui deploy" controller="console" controllerGroup="rhtas.redhat.com" controllerKind="Console" Console="upgrade-test-9p5fc/test-console" namespace="upgrade-test-9p5fc" name="test-console" reconcileID="bf915c8f-65cf-4b02-8414-7c0eb082e1a6"
E0909 12:07:02.285316       1 controller.go:494] "Reconciler error" err="error resolving Rekor URL: service is not ready: *v1.Rekor test" controller="console" controllerGroup="rhtas.redhat.com" controllerKind="Console" Console="upgrade-test-9p5fc/test-console" namespace="upgrade-test-9p5fc" name="test-console" reconcileID="bf915c8f-65cf-4b02-8414-7c0eb082e1a6"
I0909 12:07:02.383434       1 timestampauthority_webhook.go:21] "setting defaults" logger="admission.TimestampAuthority" webhookGroup="rhtas.redhat.com" webhookKind="TimestampAuthority" TimestampAuthority="upgrade-test-9p5fc/test" namespace="upgrade-test-9p5fc" name="test" resource={"group":"rhtas.redhat.com","version":"v1","resource":"timestampauthorities"} user="system:serviceaccount:upgrade-test-9p5fc:rhtas-operator-controller-manager" requestID="fc2275bc-8152-430d-bffa-d5d49bb38b4e"
E0909 12:07:02.611806       1 base_action.go:123] "error during action execution" err="error resolving Rekor URL: service is not ready: *v1.Rekor test" logger="ui deploy" controller="console" controllerGroup="rhtas.redhat.com" controllerKind="Console" Console="upgrade-test-9p5fc/test-console" namespace="upgrade-test-9p5fc" name="test-console" reconcileID="95e06cae-dbf7-440e-bd5d-b530624aaafc"
E0909 12:07:02.615490       1 controller.go:494] "Reconciler error" err="error resolving Rekor URL: service is not ready: *v1.Rekor test" controller="console" controllerGroup="rhtas.redhat.com" controllerKind="Console" Console="upgrade-test-9p5fc/test-console" namespace="upgrade-test-9p5fc" name="test-console" reconcileID="95e06cae-dbf7-440e-bd5d-b530624aaafc"
E0909 12:07:03.482919       1 base_action.go:123] "error during action execution" err="error resolving Rekor URL: service is not ready: *v1.Rekor test" logger="ui deploy" controller="console" controllerGroup="rhtas.redhat.com" controllerKind="Console" Console="upgrade-test-9p5fc/test-console" namespace="upgrade-test-9p5fc" name="test-console" reconcileID="f349fed8-5447-45b0-addb-a7e60c30acfb"
E0909 12:07:03.500545       1 controller.go:494] "Reconciler error" err="error resolving Rekor URL: service is not ready: *v1.Rekor test" controller="console" controllerGroup="rhtas.redhat.com" controllerKind="Console" Console="upgrade-test-9p5fc/test-console" namespace="upgrade-test-9p5fc" name="test-console" reconcileID="f349fed8-5447-45b0-addb-a7e60c30acfb"
E0909 12:07:04.789542       1 base_action.go:123] "error during action execution" err="error resolving Rekor URL: service is not ready: *v1.Rekor test" logger="ui deploy" controller="console" controllerGroup="rhtas.redhat.com" controllerKind="Console" Console="upgrade-test-9p5fc/test-console" namespace="upgrade-test-9p5fc" name="test-console" reconcileID="fe0cca61-fd44-4d11-8ab1-ec488d195780"
E0909 12:07:04.794943       1 controller.go:494] "Reconciler error" err="error resolving Rekor URL: service is not ready: *v1.Rekor test" controller="console" controllerGroup="rhtas.redhat.com" controllerKind="Console" Console="upgrade-test-9p5fc/test-console" namespace="upgrade-test-9p5fc" name="test-console" reconcileID="fe0cca61-fd44-4d11-8ab1-ec488d195780"
E0909 12:07:07.369570       1 base_action.go:123] "error during action execution" err="error resolving Rekor URL: service is not ready: *v1.Rekor test" logger="ui deploy" controller="console" controllerGroup="rhtas.redhat.com" controllerKind="Console" Console="upgrade-test-9p5fc/test-console" namespace="upgrade-test-9p5fc" name="test-console" reconcileID="902e213a-b56f-4da2-a709-5f8eed53d746"
E0909 12:07:07.378619       1 controller.go:494] "Reconciler error" err="error resolving Rekor URL: service is not ready: *v1.Rekor test" controller="console" controllerGroup="rhtas.redhat.com" controllerKind="Console" Console="upgrade-test-9p5fc/test-console" namespace="upgrade-test-9p5fc" name="test-console" reconcileID="902e213a-b56f-4da2-a709-5f8eed53d746"
E0909 12:07:12.505536       1 base_action.go:123] "error during action execution" err="error resolving Rekor URL: service is not ready: *v1.Rekor test" logger="ui deploy" controller="console" controllerGroup="rhtas.redhat.com" controllerKind="Console" Console="upgrade-test-9p5fc/test-console" namespace="upgrade-test-9p5fc" name="test-console" reconcileID="ad791ca3-cb42-493a-a40b-a0aa5204c84e"
E0909 12:07:12.509485       1 controller.go:494] "Reconciler error" err="error resolving Rekor URL: service is not ready: *v1.Rekor test" controller="console" controllerGroup="rhtas.redhat.com" controllerKind="Console" Console="upgrade-test-9p5fc/test-console" namespace="upgrade-test-9p5fc" name="test-console" reconcileID="ad791ca3-cb42-493a-a40b-a0aa5204c84e"
E0909 12:07:22.758074       1 base_action.go:123] "error during action execution" err="error resolving Rekor URL: service is not ready: *v1.Rekor test" logger="ui deploy" controller="console" controllerGroup="rhtas.redhat.com" controllerKind="Console" Console="upgrade-test-9p5fc/test-console" namespace="upgrade-test-9p5fc" name="test-console" reconcileID="668236b1-aba8-4c65-b1ed-6ade9e45cd42"
E0909 12:07:22.762071       1 controller.go:494] "Reconciler error" err="error resolving Rekor URL: service is not ready: *v1.Rekor test" controller="console" controllerGroup="rhtas.redhat.com" controllerKind="Console" Console="upgrade-test-9p5fc/test-console" namespace="upgrade-test-9p5fc" name="test-console" reconcileID="668236b1-aba8-4c65-b1ed-6ade9e45cd42"
I0909 12:07:33.998441       1 server_config.go:78] "Server config secret needs recreation" logger="server config" controller="ctlog" controllerGroup="rhtas.redhat.com" controllerKind="CTlog" CTlog="upgrade-test-9p5fc/test" namespace="upgrade-test-9p5fc" name="test" reconcileID="bd2e7db2-1b86-4178-b66a-77f2d3bcc7f6" secret="ctlog-config-testhkpgp"
I0909 12:07:34.005165       1 server_config.go:159] "Server config secret created" logger="server config" controller="ctlog" controllerGroup="rhtas.redhat.com" controllerKind="CTlog" CTlog="upgrade-test-9p5fc/test" namespace="upgrade-test-9p5fc" name="test" reconcileID="bd2e7db2-1b86-4178-b66a-77f2d3bcc7f6" secret="ctlog-config-testp6gb8"
I0909 12:07:34.027568       1 server_config.go:335] "Remove invalid Secret with ctlog configuration" logger="server config" controller="ctlog" controllerGroup="rhtas.redhat.com" controllerKind="CTlog" CTlog="upgrade-test-9p5fc/test" namespace="upgrade-test-9p5fc" name="test" reconcileID="bd2e7db2-1b86-4178-b66a-77f2d3bcc7f6" Name="ctlog-config-testhkpgp"
E0909 12:07:43.249231       1 base_action.go:123] "error during action execution" err="error resolving Rekor URL: service is not ready: *v1.Rekor test" logger="ui deploy" controller="console" controllerGroup="rhtas.redhat.com" controllerKind="Console" Console="upgrade-test-9p5fc/test-console" namespace="upgrade-test-9p5fc" name="test-console" reconcileID="fab6f57c-6dcc-4e7d-bebe-08bcf130c1e2"
E0909 12:07:43.253038       1 controller.go:494] "Reconciler error" err="error resolving Rekor URL: service is not ready: *v1.Rekor test" controller="console" controllerGroup="rhtas.redhat.com" controllerKind="Console" Console="upgrade-test-9p5fc/test-console" namespace="upgrade-test-9p5fc" name="test-console" reconcileID="fab6f57c-6dcc-4e7d-bebe-08bcf130c1e2"
E0909 12:07:43.958222       1 base_action.go:123] "error during action execution" err="error resolving Rekor URL: service is not ready: *v1.Rekor test" logger="ui deploy" controller="console" controllerGroup="rhtas.redhat.com" controllerKind="Console" Console="upgrade-test-9p5fc/test-console" namespace="upgrade-test-9p5fc" name="test-console" reconcileID="08ebed34-e67e-42dc-9b27-f454bf1b76e0"
E0909 12:07:43.962652       1 controller.go:494] "Reconciler error" err="error resolving Rekor URL: service is not ready: *v1.Rekor test" controller="console" controllerGroup="rhtas.redhat.com" controllerKind="Console" Console="upgrade-test-9p5fc/test-console" namespace="upgrade-test-9p5fc" name="test-console" reconcileID="08ebed34-e67e-42dc-9b27-f454bf1b76e0"
E0909 12:07:49.074241       1 base_action.go:123] "error during action execution" err="error resolving Rekor URL: service is not ready: *v1.Rekor test" logger="ui deploy" controller="console" controllerGroup="rhtas.redhat.com" controllerKind="Console" Console="upgrade-test-9p5fc/test-console" namespace="upgrade-test-9p5fc" name="test-console" reconcileID="28c7938f-8cb9-4679-9552-4c232c2bbb9b"
E0909 12:07:49.078943       1 controller.go:494] "Reconciler error" err="error resolving Rekor URL: service is not ready: *v1.Rekor test" controller="console" controllerGroup="rhtas.redhat.com" controllerKind="Console" Console="upgrade-test-9p5fc/test-console" namespace="upgrade-test-9p5fc" name="test-console" reconcileID="28c7938f-8cb9-4679-9552-4c232c2bbb9b"
